// Jest Snapshot v1, https://goo.gl/fbAQLP

exports[`<Filter /> renders correctly 1`] = `
ShallowWrapper {
  Symbol(enzyme.__root__): [Circular],
  Symbol(enzyme.__unrendered__): <Filter
    onChange={[MockFunction]}
  />,
  Symbol(enzyme.__renderer__): Object {
    "batchedUpdates": [Function],
    "checkPropTypes": [Function],
    "getNode": [Function],
    "render": [Function],
    "simulateError": [Function],
    "simulateEvent": [Function],
    "unmount": [Function],
  },
  Symbol(enzyme.__node__): Object {
    "instance": null,
    "key": undefined,
    "nodeType": "host",
    "props": Object {
      "children": Array [
        <section
          className="d-flex justify-content-between align-items-center"
        >
          <h6
            className="mb-0"
          >
            Popular movies
          </h6>
          <Button
            aria={
              Object {
                "aria-controls": "movie-filter",
                "aria-expanded": false,
              }
            }
            click={[Function]}
            label="Filter"
          />
        </section>,
        <Collapse
          appear={false}
          dimension="height"
          getDimensionValue={[Function]}
          in={false}
          mountOnEnter={false}
          timeout={300}
          unmountOnExit={false}
        >
          <div
            aria-label="Filter options"
            className="border-top border-primary mt-1 py-3 px-1"
            id="movie-filter"
            role="toolbar"
          >
            <h6
              className="text-uppercase"
            >
              Filter options
            </h6>
            <div
              className="d-flex flex-wrap justify-content-between align-items-center"
            >
              <div>
                <label
                  aria-describedby="rating-filter"
                  aria-label="Rating filter"
                  htmlFor="rating-filter"
                >
                  Rating (≥)
                  <input
                    aria-label="Rating range"
                    className="custom-range"
                    id="rating-filter"
                    max="10"
                    min="0"
                    name="ratingFilter"
                    onChange={[Function]}
                    step="0.5"
                    type="range"
                    value={0}
                  />
                  <span
                    className="text-primary position-absolute font-weight-bold ml-2"
                  >
                    0
                  </span>
                </label>
              </div>
              <Switch
                id="adultFilter"
                label="Adult"
                switchToggle={[Function]}
              />
              <Switch
                id="enLangFilter"
                label="Original Language"
                switchToggle={[Function]}
              />
            </div>
            <div
              className="mt-1"
            >
              <Button
                aria={Object {}}
                click={[Function]}
                label="Apply"
              />
            </div>
          </div>
        </Collapse>,
      ],
      "className": "bg-secondary px-3 rounded",
    },
    "ref": null,
    "rendered": Array [
      Object {
        "instance": null,
        "key": undefined,
        "nodeType": "host",
        "props": Object {
          "children": Array [
            <h6
              className="mb-0"
            >
              Popular movies
            </h6>,
            <Button
              aria={
                Object {
                  "aria-controls": "movie-filter",
                  "aria-expanded": false,
                }
              }
              click={[Function]}
              label="Filter"
            />,
          ],
          "className": "d-flex justify-content-between align-items-center",
        },
        "ref": null,
        "rendered": Array [
          Object {
            "instance": null,
            "key": undefined,
            "nodeType": "host",
            "props": Object {
              "children": "Popular movies",
              "className": "mb-0",
            },
            "ref": null,
            "rendered": "Popular movies",
            "type": "h6",
          },
          Object {
            "instance": null,
            "key": undefined,
            "nodeType": "function",
            "props": Object {
              "aria": Object {
                "aria-controls": "movie-filter",
                "aria-expanded": false,
              },
              "click": [Function],
              "label": "Filter",
            },
            "ref": null,
            "rendered": null,
            "type": [Function],
          },
        ],
        "type": "section",
      },
      Object {
        "instance": null,
        "key": undefined,
        "nodeType": "class",
        "props": Object {
          "appear": false,
          "children": <div
            aria-label="Filter options"
            className="border-top border-primary mt-1 py-3 px-1"
            id="movie-filter"
            role="toolbar"
          >
            <h6
              className="text-uppercase"
            >
              Filter options
            </h6>
            <div
              className="d-flex flex-wrap justify-content-between align-items-center"
            >
              <div>
                <label
                  aria-describedby="rating-filter"
                  aria-label="Rating filter"
                  htmlFor="rating-filter"
                >
                  Rating (≥)
                  <input
                    aria-label="Rating range"
                    className="custom-range"
                    id="rating-filter"
                    max="10"
                    min="0"
                    name="ratingFilter"
                    onChange={[Function]}
                    step="0.5"
                    type="range"
                    value={0}
                  />
                  <span
                    className="text-primary position-absolute font-weight-bold ml-2"
                  >
                    0
                  </span>
                </label>
              </div>
              <Switch
                id="adultFilter"
                label="Adult"
                switchToggle={[Function]}
              />
              <Switch
                id="enLangFilter"
                label="Original Language"
                switchToggle={[Function]}
              />
            </div>
            <div
              className="mt-1"
            >
              <Button
                aria={Object {}}
                click={[Function]}
                label="Apply"
              />
            </div>
          </div>,
          "dimension": "height",
          "getDimensionValue": [Function],
          "in": false,
          "mountOnEnter": false,
          "timeout": 300,
          "unmountOnExit": false,
        },
        "ref": null,
        "rendered": Object {
          "instance": null,
          "key": undefined,
          "nodeType": "host",
          "props": Object {
            "aria-label": "Filter options",
            "children": Array [
              <h6
                className="text-uppercase"
              >
                Filter options
              </h6>,
              <div
                className="d-flex flex-wrap justify-content-between align-items-center"
              >
                <div>
                  <label
                    aria-describedby="rating-filter"
                    aria-label="Rating filter"
                    htmlFor="rating-filter"
                  >
                    Rating (≥)
                    <input
                      aria-label="Rating range"
                      className="custom-range"
                      id="rating-filter"
                      max="10"
                      min="0"
                      name="ratingFilter"
                      onChange={[Function]}
                      step="0.5"
                      type="range"
                      value={0}
                    />
                    <span
                      className="text-primary position-absolute font-weight-bold ml-2"
                    >
                      0
                    </span>
                  </label>
                </div>
                <Switch
                  id="adultFilter"
                  label="Adult"
                  switchToggle={[Function]}
                />
                <Switch
                  id="enLangFilter"
                  label="Original Language"
                  switchToggle={[Function]}
                />
              </div>,
              <div
                className="mt-1"
              >
                <Button
                  aria={Object {}}
                  click={[Function]}
                  label="Apply"
                />
              </div>,
            ],
            "className": "border-top border-primary mt-1 py-3 px-1",
            "id": "movie-filter",
            "role": "toolbar",
          },
          "ref": null,
          "rendered": Array [
            Object {
              "instance": null,
              "key": undefined,
              "nodeType": "host",
              "props": Object {
                "children": "Filter options",
                "className": "text-uppercase",
              },
              "ref": null,
              "rendered": "Filter options",
              "type": "h6",
            },
            Object {
              "instance": null,
              "key": undefined,
              "nodeType": "host",
              "props": Object {
                "children": Array [
                  <div>
                    <label
                      aria-describedby="rating-filter"
                      aria-label="Rating filter"
                      htmlFor="rating-filter"
                    >
                      Rating (≥)
                      <input
                        aria-label="Rating range"
                        className="custom-range"
                        id="rating-filter"
                        max="10"
                        min="0"
                        name="ratingFilter"
                        onChange={[Function]}
                        step="0.5"
                        type="range"
                        value={0}
                      />
                      <span
                        className="text-primary position-absolute font-weight-bold ml-2"
                      >
                        0
                      </span>
                    </label>
                  </div>,
                  <Switch
                    id="adultFilter"
                    label="Adult"
                    switchToggle={[Function]}
                  />,
                  <Switch
                    id="enLangFilter"
                    label="Original Language"
                    switchToggle={[Function]}
                  />,
                ],
                "className": "d-flex flex-wrap justify-content-between align-items-center",
              },
              "ref": null,
              "rendered": Array [
                Object {
                  "instance": null,
                  "key": undefined,
                  "nodeType": "host",
                  "props": Object {
                    "children": <label
                      aria-describedby="rating-filter"
                      aria-label="Rating filter"
                      htmlFor="rating-filter"
                    >
                      Rating (≥)
                      <input
                        aria-label="Rating range"
                        className="custom-range"
                        id="rating-filter"
                        max="10"
                        min="0"
                        name="ratingFilter"
                        onChange={[Function]}
                        step="0.5"
                        type="range"
                        value={0}
                      />
                      <span
                        className="text-primary position-absolute font-weight-bold ml-2"
                      >
                        0
                      </span>
                    </label>,
                  },
                  "ref": null,
                  "rendered": Object {
                    "instance": null,
                    "key": undefined,
                    "nodeType": "host",
                    "props": Object {
                      "aria-describedby": "rating-filter",
                      "aria-label": "Rating filter",
                      "children": Array [
                        "Rating (≥)",
                        <input
                          aria-label="Rating range"
                          className="custom-range"
                          id="rating-filter"
                          max="10"
                          min="0"
                          name="ratingFilter"
                          onChange={[Function]}
                          step="0.5"
                          type="range"
                          value={0}
                        />,
                        <span
                          className="text-primary position-absolute font-weight-bold ml-2"
                        >
                          0
                        </span>,
                      ],
                      "htmlFor": "rating-filter",
                    },
                    "ref": null,
                    "rendered": Array [
                      "Rating (≥)",
                      Object {
                        "instance": null,
                        "key": undefined,
                        "nodeType": "host",
                        "props": Object {
                          "aria-label": "Rating range",
                          "className": "custom-range",
                          "id": "rating-filter",
                          "max": "10",
                          "min": "0",
                          "name": "ratingFilter",
                          "onChange": [Function],
                          "step": "0.5",
                          "type": "range",
                          "value": 0,
                        },
                        "ref": null,
                        "rendered": null,
                        "type": "input",
                      },
                      Object {
                        "instance": null,
                        "key": undefined,
                        "nodeType": "host",
                        "props": Object {
                          "children": 0,
                          "className": "text-primary position-absolute font-weight-bold ml-2",
                        },
                        "ref": null,
                        "rendered": 0,
                        "type": "span",
                      },
                    ],
                    "type": "label",
                  },
                  "type": "div",
                },
                Object {
                  "instance": null,
                  "key": undefined,
                  "nodeType": "function",
                  "props": Object {
                    "id": "adultFilter",
                    "label": "Adult",
                    "switchToggle": [Function],
                  },
                  "ref": null,
                  "rendered": null,
                  "type": [Function],
                },
                Object {
                  "instance": null,
                  "key": undefined,
                  "nodeType": "function",
                  "props": Object {
                    "id": "enLangFilter",
                    "label": "Original Language",
                    "switchToggle": [Function],
                  },
                  "ref": null,
                  "rendered": null,
                  "type": [Function],
                },
              ],
              "type": "div",
            },
            Object {
              "instance": null,
              "key": undefined,
              "nodeType": "host",
              "props": Object {
                "children": <Button
                  aria={Object {}}
                  click={[Function]}
                  label="Apply"
                />,
                "className": "mt-1",
              },
              "ref": null,
              "rendered": Object {
                "instance": null,
                "key": undefined,
                "nodeType": "function",
                "props": Object {
                  "aria": Object {},
                  "click": [Function],
                  "label": "Apply",
                },
                "ref": null,
                "rendered": null,
                "type": [Function],
              },
              "type": "div",
            },
          ],
          "type": "div",
        },
        "type": [Function],
      },
    ],
    "type": "div",
  },
  Symbol(enzyme.__nodes__): Array [
    Object {
      "instance": null,
      "key": undefined,
      "nodeType": "host",
      "props": Object {
        "children": Array [
          <section
            className="d-flex justify-content-between align-items-center"
          >
            <h6
              className="mb-0"
            >
              Popular movies
            </h6>
            <Button
              aria={
                Object {
                  "aria-controls": "movie-filter",
                  "aria-expanded": false,
                }
              }
              click={[Function]}
              label="Filter"
            />
          </section>,
          <Collapse
            appear={false}
            dimension="height"
            getDimensionValue={[Function]}
            in={false}
            mountOnEnter={false}
            timeout={300}
            unmountOnExit={false}
          >
            <div
              aria-label="Filter options"
              className="border-top border-primary mt-1 py-3 px-1"
              id="movie-filter"
              role="toolbar"
            >
              <h6
                className="text-uppercase"
              >
                Filter options
              </h6>
              <div
                className="d-flex flex-wrap justify-content-between align-items-center"
              >
                <div>
                  <label
                    aria-describedby="rating-filter"
                    aria-label="Rating filter"
                    htmlFor="rating-filter"
                  >
                    Rating (≥)
                    <input
                      aria-label="Rating range"
                      className="custom-range"
                      id="rating-filter"
                      max="10"
                      min="0"
                      name="ratingFilter"
                      onChange={[Function]}
                      step="0.5"
                      type="range"
                      value={0}
                    />
                    <span
                      className="text-primary position-absolute font-weight-bold ml-2"
                    >
                      0
                    </span>
                  </label>
                </div>
                <Switch
                  id="adultFilter"
                  label="Adult"
                  switchToggle={[Function]}
                />
                <Switch
                  id="enLangFilter"
                  label="Original Language"
                  switchToggle={[Function]}
                />
              </div>
              <div
                className="mt-1"
              >
                <Button
                  aria={Object {}}
                  click={[Function]}
                  label="Apply"
                />
              </div>
            </div>
          </Collapse>,
        ],
        "className": "bg-secondary px-3 rounded",
      },
      "ref": null,
      "rendered": Array [
        Object {
          "instance": null,
          "key": undefined,
          "nodeType": "host",
          "props": Object {
            "children": Array [
              <h6
                className="mb-0"
              >
                Popular movies
              </h6>,
              <Button
                aria={
                  Object {
                    "aria-controls": "movie-filter",
                    "aria-expanded": false,
                  }
                }
                click={[Function]}
                label="Filter"
              />,
            ],
            "className": "d-flex justify-content-between align-items-center",
          },
          "ref": null,
          "rendered": Array [
            Object {
              "instance": null,
              "key": undefined,
              "nodeType": "host",
              "props": Object {
                "children": "Popular movies",
                "className": "mb-0",
              },
              "ref": null,
              "rendered": "Popular movies",
              "type": "h6",
            },
            Object {
              "instance": null,
              "key": undefined,
              "nodeType": "function",
              "props": Object {
                "aria": Object {
                  "aria-controls": "movie-filter",
                  "aria-expanded": false,
                },
                "click": [Function],
                "label": "Filter",
              },
              "ref": null,
              "rendered": null,
              "type": [Function],
            },
          ],
          "type": "section",
        },
        Object {
          "instance": null,
          "key": undefined,
          "nodeType": "class",
          "props": Object {
            "appear": false,
            "children": <div
              aria-label="Filter options"
              className="border-top border-primary mt-1 py-3 px-1"
              id="movie-filter"
              role="toolbar"
            >
              <h6
                className="text-uppercase"
              >
                Filter options
              </h6>
              <div
                className="d-flex flex-wrap justify-content-between align-items-center"
              >
                <div>
                  <label
                    aria-describedby="rating-filter"
                    aria-label="Rating filter"
                    htmlFor="rating-filter"
                  >
                    Rating (≥)
                    <input
                      aria-label="Rating range"
                      className="custom-range"
                      id="rating-filter"
                      max="10"
                      min="0"
                      name="ratingFilter"
                      onChange={[Function]}
                      step="0.5"
                      type="range"
                      value={0}
                    />
                    <span
                      className="text-primary position-absolute font-weight-bold ml-2"
                    >
                      0
                    </span>
                  </label>
                </div>
                <Switch
                  id="adultFilter"
                  label="Adult"
                  switchToggle={[Function]}
                />
                <Switch
                  id="enLangFilter"
                  label="Original Language"
                  switchToggle={[Function]}
                />
              </div>
              <div
                className="mt-1"
              >
                <Button
                  aria={Object {}}
                  click={[Function]}
                  label="Apply"
                />
              </div>
            </div>,
            "dimension": "height",
            "getDimensionValue": [Function],
            "in": false,
            "mountOnEnter": false,
            "timeout": 300,
            "unmountOnExit": false,
          },
          "ref": null,
          "rendered": Object {
            "instance": null,
            "key": undefined,
            "nodeType": "host",
            "props": Object {
              "aria-label": "Filter options",
              "children": Array [
                <h6
                  className="text-uppercase"
                >
                  Filter options
                </h6>,
                <div
                  className="d-flex flex-wrap justify-content-between align-items-center"
                >
                  <div>
                    <label
                      aria-describedby="rating-filter"
                      aria-label="Rating filter"
                      htmlFor="rating-filter"
                    >
                      Rating (≥)
                      <input
                        aria-label="Rating range"
                        className="custom-range"
                        id="rating-filter"
                        max="10"
                        min="0"
                        name="ratingFilter"
                        onChange={[Function]}
                        step="0.5"
                        type="range"
                        value={0}
                      />
                      <span
                        className="text-primary position-absolute font-weight-bold ml-2"
                      >
                        0
                      </span>
                    </label>
                  </div>
                  <Switch
                    id="adultFilter"
                    label="Adult"
                    switchToggle={[Function]}
                  />
                  <Switch
                    id="enLangFilter"
                    label="Original Language"
                    switchToggle={[Function]}
                  />
                </div>,
                <div
                  className="mt-1"
                >
                  <Button
                    aria={Object {}}
                    click={[Function]}
                    label="Apply"
                  />
                </div>,
              ],
              "className": "border-top border-primary mt-1 py-3 px-1",
              "id": "movie-filter",
              "role": "toolbar",
            },
            "ref": null,
            "rendered": Array [
              Object {
                "instance": null,
                "key": undefined,
                "nodeType": "host",
                "props": Object {
                  "children": "Filter options",
                  "className": "text-uppercase",
                },
                "ref": null,
                "rendered": "Filter options",
                "type": "h6",
              },
              Object {
                "instance": null,
                "key": undefined,
                "nodeType": "host",
                "props": Object {
                  "children": Array [
                    <div>
                      <label
                        aria-describedby="rating-filter"
                        aria-label="Rating filter"
                        htmlFor="rating-filter"
                      >
                        Rating (≥)
                        <input
                          aria-label="Rating range"
                          className="custom-range"
                          id="rating-filter"
                          max="10"
                          min="0"
                          name="ratingFilter"
                          onChange={[Function]}
                          step="0.5"
                          type="range"
                          value={0}
                        />
                        <span
                          className="text-primary position-absolute font-weight-bold ml-2"
                        >
                          0
                        </span>
                      </label>
                    </div>,
                    <Switch
                      id="adultFilter"
                      label="Adult"
                      switchToggle={[Function]}
                    />,
                    <Switch
                      id="enLangFilter"
                      label="Original Language"
                      switchToggle={[Function]}
                    />,
                  ],
                  "className": "d-flex flex-wrap justify-content-between align-items-center",
                },
                "ref": null,
                "rendered": Array [
                  Object {
                    "instance": null,
                    "key": undefined,
                    "nodeType": "host",
                    "props": Object {
                      "children": <label
                        aria-describedby="rating-filter"
                        aria-label="Rating filter"
                        htmlFor="rating-filter"
                      >
                        Rating (≥)
                        <input
                          aria-label="Rating range"
                          className="custom-range"
                          id="rating-filter"
                          max="10"
                          min="0"
                          name="ratingFilter"
                          onChange={[Function]}
                          step="0.5"
                          type="range"
                          value={0}
                        />
                        <span
                          className="text-primary position-absolute font-weight-bold ml-2"
                        >
                          0
                        </span>
                      </label>,
                    },
                    "ref": null,
                    "rendered": Object {
                      "instance": null,
                      "key": undefined,
                      "nodeType": "host",
                      "props": Object {
                        "aria-describedby": "rating-filter",
                        "aria-label": "Rating filter",
                        "children": Array [
                          "Rating (≥)",
                          <input
                            aria-label="Rating range"
                            className="custom-range"
                            id="rating-filter"
                            max="10"
                            min="0"
                            name="ratingFilter"
                            onChange={[Function]}
                            step="0.5"
                            type="range"
                            value={0}
                          />,
                          <span
                            className="text-primary position-absolute font-weight-bold ml-2"
                          >
                            0
                          </span>,
                        ],
                        "htmlFor": "rating-filter",
                      },
                      "ref": null,
                      "rendered": Array [
                        "Rating (≥)",
                        Object {
                          "instance": null,
                          "key": undefined,
                          "nodeType": "host",
                          "props": Object {
                            "aria-label": "Rating range",
                            "className": "custom-range",
                            "id": "rating-filter",
                            "max": "10",
                            "min": "0",
                            "name": "ratingFilter",
                            "onChange": [Function],
                            "step": "0.5",
                            "type": "range",
                            "value": 0,
                          },
                          "ref": null,
                          "rendered": null,
                          "type": "input",
                        },
                        Object {
                          "instance": null,
                          "key": undefined,
                          "nodeType": "host",
                          "props": Object {
                            "children": 0,
                            "className": "text-primary position-absolute font-weight-bold ml-2",
                          },
                          "ref": null,
                          "rendered": 0,
                          "type": "span",
                        },
                      ],
                      "type": "label",
                    },
                    "type": "div",
                  },
                  Object {
                    "instance": null,
                    "key": undefined,
                    "nodeType": "function",
                    "props": Object {
                      "id": "adultFilter",
                      "label": "Adult",
                      "switchToggle": [Function],
                    },
                    "ref": null,
                    "rendered": null,
                    "type": [Function],
                  },
                  Object {
                    "instance": null,
                    "key": undefined,
                    "nodeType": "function",
                    "props": Object {
                      "id": "enLangFilter",
                      "label": "Original Language",
                      "switchToggle": [Function],
                    },
                    "ref": null,
                    "rendered": null,
                    "type": [Function],
                  },
                ],
                "type": "div",
              },
              Object {
                "instance": null,
                "key": undefined,
                "nodeType": "host",
                "props": Object {
                  "children": <Button
                    aria={Object {}}
                    click={[Function]}
                    label="Apply"
                  />,
                  "className": "mt-1",
                },
                "ref": null,
                "rendered": Object {
                  "instance": null,
                  "key": undefined,
                  "nodeType": "function",
                  "props": Object {
                    "aria": Object {},
                    "click": [Function],
                    "label": "Apply",
                  },
                  "ref": null,
                  "rendered": null,
                  "type": [Function],
                },
                "type": "div",
              },
            ],
            "type": "div",
          },
          "type": [Function],
        },
      ],
      "type": "div",
    },
  ],
  Symbol(enzyme.__options__): Object {
    "adapter": ReactSixteenAdapter {
      "options": Object {
        "enableComponentDidUpdateOnSetState": true,
        "legacyContextMode": "parent",
        "lifecycles": Object {
          "componentDidUpdate": Object {
            "onSetState": true,
          },
          "getChildContext": Object {
            "calledByRenderer": false,
          },
          "getDerivedStateFromProps": true,
          "getSnapshotBeforeUpdate": true,
          "setState": Object {
            "skipsComponentDidUpdateOnNullish": true,
          },
        },
      },
    },
  },
  Symbol(enzyme.__childContext__): null,
}
`;
